[jordanusabank.com/index.html]
[backblue.gif]
[fade.gif]
[index.html]
[jordanusabank.com/melody11/gtranslate/gtranslate-style24271b.css]
[jordanusabank.com/feed/index.html]
[jordanusabank.com/comments/feed/index.html]
[jordanusabank.com/melody/assets/css/minified/compatibility/page-builder/vc-plugin.minf3df.css]
[jordanusabank.com/melody/assets/css/minified/main.minf3df.css]
[jordanusabank.com/igricoor/css/dist/block-library/style.min271b.css]
[jordanusabank.com/melody11/PIE-REG/css/frontd5f7.css]
[jordanusabank.com/melody11/PIE-REG/css/validationd5f7.css]
[jordanusabank.com/melody11/addon-elements-for-elementor-page-builder/assets/css/eae.mind2d5.css]
[jordanusabank.com/melody11/elementor/assets/lib/font-awesome/css/v4-shims.min5152.css]
[jordanusabank.com/melody11/elementor/assets/lib/font-awesome/css/all.min5152.css]
[jordanusabank.com/melody11/addon-elements-for-elementor-page-builder/assets/lib/vegas/vegas.min8d5a.css]
[jordanusabank.com/melody11/mycred/assets/css/mycred-frontdc8c.css]
[jordanusabank.com/melody11/mycred/assets/css/mycred-social-iconsdc8c.css]
[jordanusabank.com/melody11/mycred/assets/css/mycred-social-sharedc8c.css]
[jordanusabank.com/melody11/elementor/assets/lib/eicons/css/elementor-icons.min05c8.css]
[jordanusabank.com/melody11/elementor/assets/css/frontend-legacy.min1aae.css]
[jordanusabank.com/melody11/elementor/assets/css/frontend.min1aae.css]
[jordanusabank.com/heerevoa/elementor/css/post-6a80d.css]
[jordanusabank.com/heerevoa/elementor/css/globala402.css]
[jordanusabank.com/melody11/elementor-pro/assets/css/frontend.mindeae.css]
[jordanusabank.com/heerevoa/elementor/css/post-10a80d.css]
[jordanusabank.com/melody11/elementor/assets/lib/font-awesome/css/fontawesome.min52d5.css]
[jordanusabank.com/melody11/elementor/assets/lib/font-awesome/css/solid.min52d5.css]
[jordanusabank.com/melody11/elementor/assets/lib/font-awesome/css/brands.min52d5.css]
[jordanusabank.com/igricoor/js/jquery/jquery-migrate.mind617.js]
[jordanusabank.com/igricoor/js/jquery/jquery.minaf6c.js]
[jordanusabank.com/melody11/invitation-code-addon/js/script271b.js]
[jordanusabank.com/melody11/PIE-REG/js/prVariablesDeclaration271b.js]
[jordanusabank.com/melody11/PIE-REG/js/datepickerd5f7.js]
[jordanusabank.com/melody11/PIE-REG/js/jquery.alphanumd5f7.js]
[jordanusabank.com/melody11/PIE-REG/js/piereg_validationd5f7.js]
[jordanusabank.com/igricoor/js/zxcvbn-async.min5152.js]
[jordanusabank.com/wp-json/wp/v2/pages/10.json]
[jordanusabank.com/wp-json/index.html]
[jordanusabank.com/xmlrpc0db0.php]
[jordanusabank.com/wp-json/oembed/1.0/embed5a3a.json]
[jordanusabank.com/wp-json/oembed/1.0/embeddcf0]
[jordanusabank.com/heerevoa/2021/08/cropped-International-Corporation-Bank-Logo-1-32x32.png]
[jordanusabank.com/heerevoa/2021/08/cropped-International-Corporation-Bank-Logo-1-192x192.png]
[jordanusabank.com/heerevoa/2021/08/cropped-International-Corporation-Bank-Logo-1-180x180.png]
[jordanusabank.com/heerevoa/2021/09/JORDAN-USA-BANK.png]
[jordanusabank.com/heerevoa/2021/07/stock-photo-asian-banker-counseling-man-in-office.jpg]
[jordanusabank.com/login/index.html]
[jordanusabank.com/forgot-password/index.html]
[jordanusabank.com/heerevoa/2021/05/blake-wisz-tE6th1h6Bfk-unsplash-1024x683.jpg]
[jordanusabank.com/about-us/index.html]
[jordanusabank.com/contact-us/index.html]
[jordanusabank.com/login/index661b.html]
[jordanusabank.com/heerevoa/2020/09/gallery-2.jpg]
[jordanusabank.com/heerevoa/2021/01/mobile-banking.png]
[jordanusabank.com/heerevoa/2021/01/Paperless-Branches.png]
[jordanusabank.com/heerevoa/2021/01/Advanced-Tech.png]
[jordanusabank.com/heerevoa/2021/01/Smart-Payments.png]
[jordanusabank.com/heerevoa/2021/07/FDIC.png]
[jordanusabank.com/melody11/gtranslate/flags/24/en.png]
[translate.google.com/translate_a/element7876.js]
[jordanusabank.com/melody11/elementor/assets/lib/animations/animations.min1aae.css]
[jordanusabank.com/igricoor/js/jquery/ui/core.min1dd9.js]
[jordanusabank.com/igricoor/js/jquery/ui/datepicker.min1dd9.js]
[jordanusabank.com/melody/assets/js/minified/frontend.minf3df.js]
[jordanusabank.com/melody11/click-to-chat-for-whatsapp/new/inc/assets/js/332.appef85.js]
[jordanusabank.com/melody11/PIE-REG/js/prVariablesDeclarationFooter271b.js]
[jordanusabank.com/igricoor/js/dist/vendor/regenerator-runtime.min3937.js]
[jordanusabank.com/igricoor/js/dist/vendor/wp-polyfill.min2c7c.js]
[jordanusabank.com/igricoor/js/dist/hooks.min8cbb.js]
[jordanusabank.com/igricoor/js/dist/i18n.mina28b.js]
[jordanusabank.com/wp-admin/js/password-strength-meter.min271b.js]
[jordanusabank.com/melody11/PIE-REG/js/pie_password_checkerd5f7.js]
[jordanusabank.com/melody11/addon-elements-for-elementor-page-builder/assets/js/eae.mind2d5.js]
[jordanusabank.com/melody11/elementor/assets/lib/font-awesome/js/v4-shims.min5152.js]
[jordanusabank.com/melody11/addon-elements-for-elementor-page-builder/assets/js/animated-main.min5152.js]
[jordanusabank.com/melody11/addon-elements-for-elementor-page-builder/assets/js/particles.min001e.js]
[jordanusabank.com/melody11/addon-elements-for-elementor-page-builder/assets/lib/magnific.minf488.js]
[jordanusabank.com/melody11/addon-elements-for-elementor-page-builder/assets/lib/vegas/vegas.min8d5a.js]
[jordanusabank.com/melody11/featured-image-from-url/includes/html/js/image7e2e.js]
[jordanusabank.com/melody11/elementor-pro/assets/js/webpack-pro.runtime.mindeae.js]
[jordanusabank.com/melody11/elementor/assets/js/webpack.runtime.min1aae.js]
[jordanusabank.com/melody11/elementor/assets/js/frontend-modules.min1aae.js]
[jordanusabank.com/melody11/elementor-pro/assets/lib/sticky/jquery.sticky.mindeae.js]
[jordanusabank.com/melody11/elementor-pro/assets/js/frontend.mindeae.js]
[jordanusabank.com/melody11/elementor/assets/lib/waypoints/waypoints.min05da.js]
[jordanusabank.com/melody11/elementor/assets/lib/swiper/swiper.min48f5.js]
[jordanusabank.com/melody11/elementor/assets/lib/share-link/share-link.min1aae.js]
[jordanusabank.com/melody11/elementor/assets/lib/dialog/dialog.mind227.js]
[jordanusabank.com/melody11/elementor/assets/js/frontend.min1aae.js]
[jordanusabank.com/index.html]
[jordanusabank.com/melody11/elementor/assets/js/preloaded-modules.min1aae.js]
[jordanusabank.com/melody11/elementor-pro/assets/js/preloaded-elements-handlers.mindeae.js]
[jordanusabank.com/melody11/gtranslate/24.png]
[jordanusabank.com/melody11/gtranslate/24a.png]
[jordanusabank.com/melody11/gtranslate/alt_flags.png]
[jordanusabank.com/melody11/gtranslate/alt_flagsa.png]
[jordanusabank.com/melody11/gtranslate/gtranslate-style24271b.css]
[ajax.googleapis.com/ajax/libs/jqueryui/1.8.2/themes/smoothness/images/ui-bg_flat_75_ffffff_40x100.png]
[ajax.googleapis.com/ajax/libs/jqueryui/1.8.2/themes/smoothness/images/ui-bg_highlight-soft_75_cccccc_1x100.png]
[ajax.googleapis.com/ajax/libs/jqueryui/1.8.2/themes/smoothness/images/ui-bg_glass_75_e6e6e6_1x400.png]
[ajax.googleapis.com/ajax/libs/jqueryui/1.8.2/themes/smoothness/images/ui-bg_glass_75_dadada_1x400.png]
[ajax.googleapis.com/ajax/libs/jqueryui/1.8.2/themes/smoothness/images/ui-bg_glass_65_ffffff_1x400.png]
[ajax.googleapis.com/ajax/libs/jqueryui/1.8.2/themes/smoothness/images/ui-bg_glass_55_fbf9ee_1x400.png]
[ajax.googleapis.com/ajax/libs/jqueryui/1.8.2/themes/smoothness/images/ui-bg_glass_95_fef1ec_1x400.png]
[ajax.googleapis.com/ajax/libs/jqueryui/1.8.2/themes/smoothness/images/ui-icons_222222_256x240.png]
[ajax.googleapis.com/ajax/libs/jqueryui/1.8.2/themes/smoothness/images/ui-icons_888888_256x240.png]
[ajax.googleapis.com/ajax/libs/jqueryui/1.8.2/themes/smoothness/images/ui-icons_454545_256x240.png]
[ajax.googleapis.com/ajax/libs/jqueryui/1.8.2/themes/smoothness/images/ui-icons_2e83ff_256x240.png]
[ajax.googleapis.com/ajax/libs/jqueryui/1.8.2/themes/smoothness/images/ui-icons_cd0a0a_256x240.png]
[ajax.googleapis.com/ajax/libs/jqueryui/1.8.2/themes/smoothness/images/ui-bg_flat_0_aaaaaa_40x100.png]
[ajax.googleapis.com/ajax/libs/jqueryui/1.8.2/themes/smoothness/images/ui-anim_basic_16x16.gif]
[ajax.googleapis.com/ajax/libs/jqueryui/1.8.2/themes/smoothness/jquery-ui271b.css]
[jordanusabank.com/melody/assets/css/minified/compatibility/page-builder/vc-plugin.minf3df.css]
[jordanusabank.com/melody/assets/css/minified/main.minf3df.css]
[jordanusabank.com/igricoor/css/dist/block-library/style.min271b.css]
[jordanusabank.com/melody11/PIE-REG/images/edit_profile.png]
[jordanusabank.com/melody11/PIE-REG/css/images/checkmark.png]
[jordanusabank.com/melody11/PIE-REG/images/err_msg.png]
[jordanusabank.com/melody11/PIE-REG/images/success_msg.png]
[jordanusabank.com/melody11/PIE-REG/images/warning_msg.png]
[jordanusabank.com/melody11/PIE-REG/css/images/animated-overlay.gif]
[jordanusabank.com/melody11/PIE-REG/css/images/ui-bg_highlight-soft_75_cccccc_1x100.png]
[jordanusabank.com/melody11/PIE-REG/css/images/ui-bg_flat_75_ffffff_40x100.png]
[jordanusabank.com/melody11/PIE-REG/css/images/ui-bg_glass_75_e6e6e6_1x400.png]
[jordanusabank.com/melody11/PIE-REG/css/images/ui-bg_glass_75_dadada_1x400.png]
[jordanusabank.com/melody11/PIE-REG/css/images/ui-bg_glass_65_ffffff_1x400.png]
[jordanusabank.com/melody11/PIE-REG/css/images/ui-bg_glass_55_fbf9ee_1x400.png]
[jordanusabank.com/melody11/PIE-REG/css/images/ui-bg_glass_95_fef1ec_1x400.png]
[jordanusabank.com/melody11/PIE-REG/css/images/ui-icons_222222_256x240.png]
[jordanusabank.com/melody11/PIE-REG/css/images/ui-icons_888888_256x240.png]
[jordanusabank.com/melody11/PIE-REG/css/images/ui-icons_454545_256x240.png]
[jordanusabank.com/melody11/PIE-REG/css/images/ui-icons_2e83ff_256x240.png]
[jordanusabank.com/melody11/PIE-REG/css/images/ui-icons_cd0a0a_256x240.png]
[jordanusabank.com/melody11/PIE-REG/css/images/ui-bg_flat_0_aaaaaa_40x100.png]
[jordanusabank.com/melody11/PIE-REG/css/images/ui-anim_basic_16x16.gif]
[jordanusabank.com/melody11/PIE-REG/css/frontd5f7.css]
[jordanusabank.com/melody11/PIE-REG/css/validationd5f7.css]
[jordanusabank.com/melody11/addon-elements-for-elementor-page-builder/assets/digit-sep-svg.svg]
[jordanusabank.com/melody11/addon-elements-for-elementor-page-builder/assets/digits-svg-alpha.svg]
[jordanusabank.com/melody11/addon-elements-for-elementor-page-builder/assets/css/eae.mind2d5.css]
[jordanusabank.com/melody11/elementor/assets/lib/font-awesome/css/v4-shims.min5152.css]
[jordanusabank.com/melody11/elementor/assets/lib/font-awesome/webfonts/fa-brands-400.eot]
[jordanusabank.com/melody11/elementor/assets/lib/font-awesome/webfonts/fa-brands-400d41d.eot]
[jordanusabank.com/melody11/elementor/assets/lib/font-awesome/webfonts/fa-brands-400.woff2]
[jordanusabank.com/melody11/elementor/assets/lib/font-awesome/webfonts/fa-brands-400.woff]
[jordanusabank.com/melody11/elementor/assets/lib/font-awesome/webfonts/fa-brands-400.ttf]
[jordanusabank.com/melody11/elementor/assets/lib/font-awesome/webfonts/fa-regular-400.eot]
[jordanusabank.com/melody11/elementor/assets/lib/font-awesome/webfonts/fa-regular-400d41d.eot]
[jordanusabank.com/melody11/elementor/assets/lib/font-awesome/webfonts/fa-regular-400.woff2]
[jordanusabank.com/melody11/elementor/assets/lib/font-awesome/webfonts/fa-regular-400.woff]
[jordanusabank.com/melody11/elementor/assets/lib/font-awesome/webfonts/fa-regular-400.ttf]
[jordanusabank.com/melody11/elementor/assets/lib/font-awesome/webfonts/fa-solid-900.eot]
[jordanusabank.com/melody11/elementor/assets/lib/font-awesome/webfonts/fa-regular-400.svg]
[jordanusabank.com/melody11/elementor/assets/lib/font-awesome/webfonts/fa-solid-900d41d.eot]
[jordanusabank.com/melody11/elementor/assets/lib/font-awesome/webfonts/fa-solid-900.woff2]
[jordanusabank.com/melody11/elementor/assets/lib/font-awesome/webfonts/fa-brands-400.svg]
[jordanusabank.com/melody11/elementor/assets/lib/font-awesome/webfonts/fa-solid-900.woff]
[jordanusabank.com/melody11/elementor/assets/lib/font-awesome/webfonts/fa-solid-900.ttf]
[jordanusabank.com/melody11/elementor/assets/lib/font-awesome/css/all.min5152.css]
[jordanusabank.com/melody11/addon-elements-for-elementor-page-builder/assets/lib/vegas/vegas.min8d5a.css]
[jordanusabank.com/melody11/mycred/assets/css/mycred-frontdc8c.css]
[jordanusabank.com/melody11/mycred/assets/css/fonts/mycred-social-icons9ff6.eot]
[jordanusabank.com/melody11/elementor/assets/lib/font-awesome/webfonts/fa-solid-900.svg]
[jordanusabank.com/melody11/mycred/assets/css/fonts/mycred-social-icons9ff6.ttf]
[jordanusabank.com/melody11/mycred/assets/css/fonts/mycred-social-icons9ff6.woff]
[jordanusabank.com/melody11/mycred/assets/css/mycred-social-iconsdc8c.css]
[jordanusabank.com/melody11/mycred/assets/css/mycred-social-sharedc8c.css]
[jordanusabank.com/melody11/elementor/assets/lib/eicons/fonts/eiconsc387.woff]
[jordanusabank.com/melody11/elementor/assets/lib/eicons/fonts/eiconsc387.ttf]
[jordanusabank.com/melody11/elementor/assets/lib/eicons/css/elementor-icons.min05c8.css]
[jordanusabank.com/melody11/elementor/assets/css/frontend-legacy.min1aae.css]
[jordanusabank.com/melody11/elementor/assets/css/frontend.min1aae.css]
[jordanusabank.com/heerevoa/elementor/css/post-6a80d.css]
[jordanusabank.com/melody11/elementor-pro/assets/css/frontend.mindeae.css]
[jordanusabank.com/heerevoa/elementor/css/globala402.css]
[jordanusabank.com/melody11/elementor/assets/lib/eicons/fonts/eiconsc387.svg]
[jordanusabank.com/wp-content/uploads/2021/03/pexels-croberin-photography-1422408-scaled.jpg]
[jordanusabank.com/wp-content/uploads/2020/09/gallery-2.jpg]
[jordanusabank.com/wp-content/uploads/2021/01/IC-Bank.jpg]
[jordanusabank.com/wp-content/uploads/2021/03/pexels-maitree-rimthong-1602726-scaled.jpg]
[jordanusabank.com/wp-content/uploads/2020/09/dots.png]
[jordanusabank.com/wp-content/uploads/2021/03/bank-staff.jpg]
[jordanusabank.com/wp-content/uploads/2020/09/bg-blob-gradient.svg]
[jordanusabank.com/wp-content/uploads/2021/01/call-customer-support-3613071.jpg]
[jordanusabank.com/wp-content/uploads/2020/09/facilites.jpg]
[jordanusabank.com/wp-content/uploads/2020/09/blob-grad.svg]
[jordanusabank.com/heerevoa/elementor/css/post-10a80d.css]
[jordanusabank.com/melody11/elementor/assets/lib/font-awesome/css/fontawesome.min52d5.css]
[jordanusabank.com/melody11/elementor/assets/lib/font-awesome/css/solid.min52d5.css]
[jordanusabank.com/melody11/elementor/assets/lib/font-awesome/css/brands.min52d5.css]
[jordanusabank.com/heerevoa/elementor/css/post-6277cb.css]
[jordanusabank.com/wp-json/wp/v2/pages/62.json]
[jordanusabank.com/wp-json/oembed/1.0/embed471f.json]
[jordanusabank.com/wp-json/oembed/1.0/embed8894]
[jordanusabank.com/login/index.html]
[jordanusabank.com/heerevoa/elementor/css/post-64a83d.css]
[jordanusabank.com/login/indexe627.html]
[jordanusabank.com/wp-json/wp/v2/pages/64.json]
[jordanusabank.com/wp-json/oembed/1.0/embedd704.json]
[jordanusabank.com/wp-json/oembed/1.0/embed5112]
[jordanusabank.com/heerevoa/2021/08/1167157.png]
[jordanusabank.com/forgot-password/index.html]
[jordanusabank.com/login/index54e6.html]
[jordanusabank.com/heerevoa/elementor/css/post-255ff90.css]
[jordanusabank.com/wp-json/wp/v2/pages/255.json]
[jordanusabank.com/wp-json/oembed/1.0/embedea22.json]
[jordanusabank.com/wp-json/oembed/1.0/embedaceb]
[jordanusabank.com/heerevoa/2021/08/stock-photo-asian-banker-counseling-man-in-office.jpg]
[jordanusabank.com/heerevoa/2021/03/bank-staff.jpg]
[jordanusabank.com/about-us/index.html]
[jordanusabank.com/login/index560e.html]
[jordanusabank.com/heerevoa/elementor/css/post-24041c3.css]
[jordanusabank.com/wp-json/wp/v2/pages/240.json]
[jordanusabank.com/wp-json/oembed/1.0/embed3119.json]
[jordanusabank.com/wp-json/oembed/1.0/embed0cff]
[jordanusabank.com/contact-us/index.html]
[jordanusabank.com/login/index661b.html]
[jordanusabank.com/melody11/elementor/assets/lib/animations/animations.min1aae.css]
[jordanusabank.com/melody11/addon-elements-for-elementor-page-builder/assets/css/arrow-left.svg]
[jordanusabank.com/melody11/addon-elements-for-elementor-page-builder/assets/css/arrow-right.svg]
[jordanusabank.com/melody11/addon-elements-for-elementor-page-builder/assets/digit-sep-svg.svg]
[jordanusabank.com/melody11/addon-elements-for-elementor-page-builder/assets/digits-svg-alpha.svg]
[jordanusabank.com/melody11/elementor/assets/lib/font-awesome/webfonts/fa-brands-400.svg]
[jordanusabank.com/melody11/elementor/assets/lib/font-awesome/webfonts/fa-regular-400.svg]
[jordanusabank.com/login/indexb6c3.html]
[jordanusabank.com/melody11/elementor/assets/lib/font-awesome/webfonts/fa-solid-900.svg]
[jordanusabank.com/melody11/elementor/assets/lib/eicons/fonts/eiconsc387.svg]
[jordanusabank.com/wp-content/uploads/2020/09/bg-blob-gradient.svg]
[jordanusabank.com/wp-content/uploads/2020/09/blob-grad.svg]
[jordanusabank.com/melody11/elementor/assets/lib/eicons/fonts/eiconsc387.eot]
[jordanusabank.com/melody11/elementor/assets/lib/eicons/fonts/eiconsc387.woff2]
[jordanusabank.com/melody11/mycred/assets/css/fonts/mycred-social-icons9ff6.svg]
[jordanusabank.com/wp-content/uploads/2021/08/login-button.png]
[jordanusabank.com/heerevoa/elementor/css/post-6277cb.css]
[jordanusabank.com/index5c36.html]
[jordanusabank.com/login/indexe627.html]
[jordanusabank.com/wp-content/uploads/2021/08/passw.png]
[jordanusabank.com/heerevoa/elementor/css/post-64a83d.css]
[jordanusabank.com/index8cd4.html]
[jordanusabank.com/login/index54e6.html]
[jordanusabank.com/heerevoa/elementor/css/post-255ff90.css]
[jordanusabank.com/index0c93.html]
[jordanusabank.com/login/index560e.html]
[jordanusabank.com/heerevoa/elementor/css/post-24041c3.css]
[jordanusabank.com/indexcfe0.html]
[jordanusabank.com/login/indexb6c3.html]
[jordanusabank.com/melody11/mycred/assets/css/fonts/mycred-social-icons9ff6.svg]
